// Vitest Snapshot v1, https://vitest.dev/guide/snapshot.html

exports[`ConfilmView > renders properly 1`] = `
"<v-container>
  <v-sheet class="w-50">
    <div class="text-h3 pb-5">確認</div>
    <p class="text-subtitle-1">英単語:</p>
    <p class="text-h5">apple</p>
    <p class="text-subtitle-1">意味:</p>
    <p class="text-h5">りんご</p>
    <v-btn class="ml-5 mt-5" id="button-next">次へ</v-btn>
    <v-btn class="ml-5 mt-5" id="button-home">Homeへ戻る</v-btn>
  </v-sheet>
</v-container>"
`;
